Nou repositori en local 

miriam@miriampc:~$ mkdir d16
miriam@miriampc:~$ cd d16
miriam@miriampc:~/d16$ git init 
Initialized empty Git repository in /home/miriam/d16/.git/
miriam@miriampc:~/d16$ git remote add origin https://github.com/miriamMota/d16
miriam@miriampc:~/d16$ git add .
miriam@miriampc:~/d16$ git commit -m "afegir arxiu"
[master (root-commit) 3072ec2] afegir arxiu
 1 file changed, 0 insertions(+), 0 deletions(-)
 create mode 100644 d16.txt
miriam@miriampc:~/d16$ git push -u origin master
Username for 'https://github.com': mimifoixbcn@gmail.com
Password for 'https://mimifoixbcn@gmail.com@github.com': 
Counting objects: 3, done.
Writing objects: 100% (3/3), 213 bytes | 0 bytes/s, done.
Total 3 (delta 0), reused 0 (delta 0)
To https://github.com/miriamMota/d16
 * [new branch]      master -> master
Branch master set up to track remote branch master from origin.




Modificar arxiu  en local 

miriam@miriampc:~/d16$ git add -A
miriam@miriampc:~/d16$ git commit -m "modificar arxiu"
[master 4f3e1ec] modificar arxiu
 2 files changed, 1 insertion(+)
 create mode 100644 d16.txt~
miriam@miriampc:~/d16$ git push -u origin master
Username for 'https://github.com': mimifoixbcn@gmail.com
Password for 'https://mimifoixbcn@gmail.com@github.com': 
Counting objects: 5, done.
Delta compression using up to 4 threads.
Compressing objects: 100% (2/2), done.
Writing objects: 100% (3/3), 288 bytes | 0 bytes/s, done.
Total 3 (delta 0), reused 0 (delta 0)
To https://github.com/miriamMota/d16
   3072ec2..4f3e1ec  master -> master
Branch master set up to track remote branch master from origin.



Afegir arxiu en github i que es mostri en local
git pull --rebase




Afegir branca 
miriam@miriampc:~/d16$ git checkout -b branchmimi 
Veure en quina branca estem
miriam@miriampc:~/d16$ git branch
Actualitzar branca al github
miriam@miriampc:~/d16$ git push origin branchmimi
Tornar a la branca "master"
miriam@miriampc:~/d16$ git checkout master
miriam@miriampc:~/d16$ git branch

